// Jest Snapshot v1, https://goo.gl/fbAQLP

exports[`BottomFrame renders correctly with provided props 1`] = `
<View
  collapsable={false}
  style={
    {
      "alignItems": "flex-start",
      "backgroundColor": "white",
      "borderTopLeftRadius": 20,
      "borderTopRightRadius": 20,
      "bottom": 0,
      "justifyContent": "flex-start",
      "left": 0,
      "padding": 30,
      "position": "absolute",
      "right": 0,
      "zIndex": 10,
    }
  }
>
  <View>
    <View
      style={
        {
          "alignItems": "center",
          "flexDirection": "row",
          "justifyContent": "space-between",
          "width": "100%",
        }
      }
    >
      <View
        style={
          {
            "alignItems": "center",
            "color": "#333",
            "display": "flex",
            "flexDirection": "row",
            "fontSize": 20,
            "textAlign": "left",
          }
        }
      >
        <Text
          style={
            {
              "fontSize": 25,
              "fontWeight": "bold",
            }
          }
        >
          15 min
           
        </Text>
        <Text
          style={
            {
              "alignItems": "center",
              "color": "#333",
              "display": "flex",
              "flexDirection": "row",
              "fontSize": 20,
              "textAlign": "left",
            }
          }
        >
          (
          1.20
           km)
           
        </Text>
        <Ionicons
          color="#852C3A"
          name="walk-outline"
          size={24}
        />
      </View>
    </View>
  </View>
</View>
`;
