// Jest Snapshot v1, https://goo.gl/fbAQLP

exports[`<CalendarScreen /> CalendarScreen renders correctly 1`] = `
<View
  style={
    {
      "alignItems": "center",
      "flex": 1,
      "justifyContent": "center",
    }
  }
>
  <Text
    style={
      {
        "fontSize": 20,
        "fontWeight": "500",
      }
    }
  >
    Calendar View
  </Text>
</View>
`;
