// Jest Snapshot v1, https://goo.gl/fbAQLP

exports[`PitchButton renders correctly 1`] = `
<View
  style={
    {
      "alignItems": "center",
      "backgroundColor": "#912338",
      "borderRadius": 50,
      "height": 50,
      "justifyContent": "center",
      "opacity": 0.89,
      "position": "absolute",
      "right": 36,
      "top": 130,
      "width": 50,
      "zIndex": 2,
    }
  }
>
  <View
    accessibilityState={
      {
        "busy": undefined,
        "checked": undefined,
        "disabled": undefined,
        "expanded": undefined,
        "selected": undefined,
      }
    }
    accessibilityValue={
      {
        "max": undefined,
        "min": undefined,
        "now": undefined,
        "text": undefined,
      }
    }
    accessible={true}
    collapsable={false}
    focusable={true}
    onClick={[Function]}
    onResponderGrant={[Function]}
    onResponderMove={[Function]}
    onResponderRelease={[Function]}
    onResponderTerminate={[Function]}
    onResponderTerminationRequest={[Function]}
    onStartShouldSetResponder={[Function]}
    style={
      {
        "opacity": 1,
      }
    }
  >
    <MockedMaterialCommunityIcons
      color="white"
      name="angle-obtuse"
      size={35}
    />
  </View>
</View>
`;
