// Jest Snapshot v1, https://goo.gl/fbAQLP

exports[`<SearchBar /> SearchBar renders correctly 1`] = `
<View
  style={
    {
      "left": 36,
      "position": "absolute",
      "right": 36,
      "top": 76,
      "zIndex": 3,
    }
  }
>
  <View
    style={
      {
        "alignItems": "center",
        "backgroundColor": "white",
        "borderRadius": 25,
        "elevation": 5,
        "flexDirection": "row",
        "paddingHorizontal": 15,
        "position": "relative",
        "shadowColor": "#000",
        "shadowOffset": {
          "height": 2,
          "width": 0,
        },
        "shadowOpacity": 0.25,
        "shadowRadius": 3.84,
      }
    }
  >
    <Ionicons
      color="#666"
      name="search"
      size={20}
    />
    <TextInput
      autoCorrect={false}
      onChangeText={[Function]}
      placeholder="Search here"
      placeholderTextColor="#666"
      style={
        {
          "flex": 1,
          "fontSize": 16,
          "marginLeft": 10,
          "paddingVertical": 10,
        }
      }
      value=""
    />
  </View>
</View>
`;