// Jest Snapshot v1, https://goo.gl/fbAQLP

exports[`renders TaskCard correctly 1`] = `
<View
  accessibilityState={
    {
      "busy": undefined,
      "checked": undefined,
      "disabled": undefined,
      "expanded": undefined,
      "selected": undefined,
    }
  }
  accessibilityValue={
    {
      "max": undefined,
      "min": undefined,
      "now": undefined,
      "text": undefined,
    }
  }
  accessible={true}
  collapsable={false}
  focusable={true}
  onClick={[Function]}
  onResponderGrant={[Function]}
  onResponderMove={[Function]}
  onResponderRelease={[Function]}
  onResponderTerminate={[Function]}
  onResponderTerminationRequest={[Function]}
  onStartShouldSetResponder={[Function]}
  style={
    {
      "opacity": 1,
    }
  }
>
  <View
    style={
      {
        "alignItems": "center",
        "backgroundColor": "#FFF",
        "borderRadius": 10,
        "elevation": 2,
        "flexDirection": "row",
        "justifyContent": "space-between",
        "marginBottom": 10,
        "padding": 15,
      }
    }
  >
    <View
      style={
        {
          "alignItems": "center",
          "flexDirection": "row",
          "flexWrap": "wrap",
        }
      }
    >
      <View
        style={
          [
            {
              "backgroundColor": "#852C3A",
              "borderRadius": 5,
              "height": 24,
              "marginRight": 15,
              "opacity": 0.4,
              "width": 24,
            },
            false,
          ]
        }
      />
      <Text
        style={
          {
            "color": "#000",
            "maxWidth": "80%",
          }
        }
      >
        Test Task
      </Text>
    </View>
    <View
      accessibilityState={
        {
          "busy": undefined,
          "checked": undefined,
          "disabled": undefined,
          "expanded": undefined,
          "selected": undefined,
        }
      }
      accessibilityValue={
        {
          "max": undefined,
          "min": undefined,
          "now": undefined,
          "text": undefined,
        }
      }
      accessible={true}
      collapsable={false}
      focusable={true}
      onClick={[Function]}
      onResponderGrant={[Function]}
      onResponderMove={[Function]}
      onResponderRelease={[Function]}
      onResponderTerminate={[Function]}
      onResponderTerminationRequest={[Function]}
      onStartShouldSetResponder={[Function]}
      style={
        {
          "alignItems": "center",
          "backgroundColor": "#852C3A",
          "borderRadius": 18,
          "elevation": 3,
          "height": 20,
          "justifyContent": "center",
          "opacity": 1,
          "width": 20,
        }
      }
    >
      <ViewManagerAdapter_SymbolModule
        animated={false}
        colors={[]}
        name="xmark"
        resizeMode="scaleAspectFit"
        style={
          [
            {
              "height": 24,
              "width": 24,
            },
            [
              {
                "height": 14,
                "width": 14,
              },
              undefined,
            ],
          ]
        }
        tintColor="white"
        type="monochrome"
        weight="regular"
      />
    </View>
  </View>
</View>
`;
